Copyright 1986-2022 Xilinx, Inc. All Rights Reserved. Copyright 2022-2025 Advanced Micro Devices, Inc. All Rights Reserved.
---------------------------------------------------------------------------------------------------------------------------------------------
| Tool Version : Vivado v.2025.2 (lin64) Build 6299465 Fri Nov 14 12:34:56 MST 2025
| Date         : Tue Sep 29 17:09:05 2026
| Host         : PC running 64-bit Ubuntu 24.04.5 LTS
| Command      : report_utilization -return_string
| Design       : loihi_twin_v2_p05_impl_wrapper
| Device       : xck26-sfvc784-2LV-c
| Speed File   : -2LV
| Design State : Routed
---------------------------------------------------------------------------------------------------------------------------------------------

Utilization Design Information

Table of Contents
-----------------
1. CLB Logic
1.1 Summary of Registers by Type
2. CLB Logic Distribution
3. BLOCKRAM
4. ARITHMETIC
5. I/O
6. CLOCK
7. ADVANCED
8. CONFIGURATION
9. Primitives
10. Black Boxes
11. Instantiated Netlists

1. CLB Logic
------------

+----------------------------+------+-------+------------+-----------+-------+
|          Site Type         | Used | Fixed | Prohibited | Available | Util% |
+----------------------------+------+-------+------------+-----------+-------+
| CLB LUTs                   | 5062 |     0 |          0 |    117120 |  4.32 |
|   LUT as Logic             | 5042 |     0 |          0 |    117120 |  4.30 |
|   LUT as Memory            |   20 |     0 |          0 |     57600 |  0.03 |
|     LUT as Distributed RAM |   20 |     0 |            |           |       |
|     LUT as Shift Register  |    0 |     0 |            |           |       |
| CLB Registers              | 7686 |     0 |          0 |    234240 |  3.28 |
|   Register as Flip Flop    | 7686 |     0 |          0 |    234240 |  3.28 |
|   Register as Latch        |    0 |     0 |          0 |    234240 |  0.00 |
| CARRY8                     |  132 |     0 |          0 |     14640 |  0.90 |
| F7 Muxes                   |  339 |     0 |          0 |     58560 |  0.58 |
| F8 Muxes                   |  128 |     0 |          0 |     29280 |  0.44 |
| F9 Muxes                   |    0 |     0 |          0 |     14640 |  0.00 |
| Unique Control Sets        |  151 |       |          0 |     29280 |  0.52 |
+----------------------------+------+-------+------------+-----------+-------+
* Warning! LUT value is adjusted to account for LUT combining.
** Note: Available Control Sets calculated as Slices * 2, Review the Control Sets Report for more information regarding control sets.


1.1 Summary of Registers by Type
--------------------------------

+-------+--------------+-------------+--------------+
| Total | Clock Enable | Synchronous | Asynchronous |
+-------+--------------+-------------+--------------+
| 0     |            _ |           - |            - |
| 0     |            _ |           - |          Set |
| 0     |            _ |           - |        Reset |
| 0     |            _ |         Set |            - |
| 0     |            _ |       Reset |            - |
| 0     |          Yes |           - |            - |
| 41    |          Yes |           - |          Set |
| 184   |          Yes |           - |        Reset |
| 79    |          Yes |         Set |            - |
| 7382  |          Yes |       Reset |            - |
+-------+--------------+-------------+--------------+


2. CLB Logic Distribution
-------------------------

+--------------------------------------------+------+-------+------------+-----------+-------+
|                  Site Type                 | Used | Fixed | Prohibited | Available | Util% |
+--------------------------------------------+------+-------+------------+-----------+-------+
| CLB                                        | 1176 |     0 |          0 |     14640 |  8.03 |
|   CLBL                                     |  710 |     0 |            |           |       |
|   CLBM                                     |  466 |     0 |            |           |       |
| LUT as Logic                               | 5042 |     0 |          0 |    117120 |  4.30 |
|   using O5 output only                     |   62 |       |            |           |       |
|   using O6 output only                     | 4127 |       |            |           |       |
|   using O5 and O6                          |  853 |       |            |           |       |
| LUT as Memory                              |   20 |     0 |          0 |     57600 |  0.03 |
|   LUT as Distributed RAM                   |   20 |     0 |            |           |       |
|     using O5 output only                   |    0 |       |            |           |       |
|     using O6 output only                   |    0 |       |            |           |       |
|     using O5 and O6                        |   20 |       |            |           |       |
|   LUT as Shift Register                    |    0 |     0 |            |           |       |
|     using O5 output only                   |    0 |       |            |           |       |
|     using O6 output only                   |    0 |       |            |           |       |
|     using O5 and O6                        |    0 |       |            |           |       |
| CLB Registers                              | 7686 |     0 |          0 |    234240 |  3.28 |
|   Register driven from within the CLB      | 3765 |       |            |           |       |
|   Register driven from outside the CLB     | 3921 |       |            |           |       |
|     LUT in front of the register is unused | 2956 |       |            |           |       |
|     LUT in front of the register is used   |  965 |       |            |           |       |
+--------------------------------------------+------+-------+------------+-----------+-------+


3. BLOCKRAM
-----------

+-------------------+------+-------+------------+-----------+-------+
|     Site Type     | Used | Fixed | Prohibited | Available | Util% |
+-------------------+------+-------+------------+-----------+-------+
| Block RAM Tile    |    2 |     0 |          0 |       144 |  1.39 |
|   RAMB36/FIFO*    |    2 |     0 |          0 |       144 |  1.39 |
|     RAMB36E2 only |    2 |       |            |           |       |
|   RAMB18          |    0 |     0 |          0 |       288 |  0.00 |
| URAM              |   47 |     0 |          0 |        64 | 73.44 |
+-------------------+------+-------+------------+-----------+-------+
* Note: Each Block RAM Tile only has one FIFO logic available and therefore can accommodate only one FIFO36E2 or one FIFO18E2. However, if a FIFO18E2 occupies a Block RAM Tile, that tile can still accommodate a RAMB18E2


4. ARITHMETIC
-------------

+----------------+------+-------+------------+-----------+-------+
|    Site Type   | Used | Fixed | Prohibited | Available | Util% |
+----------------+------+-------+------------+-----------+-------+
| DSPs           |    2 |     0 |          0 |      1248 |  0.16 |
|   DSP48E2 only |    2 |       |            |           |       |
+----------------+------+-------+------------+-----------+-------+


5. I/O
------

+------------------+------+-------+------------+-----------+-------+
|     Site Type    | Used | Fixed | Prohibited | Available | Util% |
+------------------+------+-------+------------+-----------+-------+
| Bonded IOB       |    0 |     0 |          0 |       189 |  0.00 |
|   HPIOB_M        |    0 |     0 |          0 |        58 |  0.00 |
|   HPIOB_S        |    0 |     0 |          0 |        58 |  0.00 |
|   HDIOB_M        |    0 |     0 |          0 |        35 |  0.00 |
|   HDIOB_S        |    0 |     0 |          0 |        35 |  0.00 |
|   HPIOB_SNGL     |    0 |     0 |          0 |         3 |  0.00 |
| HPIOBDIFFINBUF   |    0 |     0 |          0 |        82 |  0.00 |
| HPIOBDIFFOUTBUF  |    0 |     0 |          0 |        82 |  0.00 |
| HDIOBDIFFINBUF   |    0 |     0 |          0 |        35 |  0.00 |
| BITSLICE_CONTROL |    0 |     0 |          0 |        32 |  0.00 |
| BITSLICE_RX_TX   |    0 |     0 |          0 |      1248 |  0.00 |
| BITSLICE_TX      |    0 |     0 |          0 |        32 |  0.00 |
| RIU_OR           |    0 |     0 |          0 |        16 |  0.00 |
+------------------+------+-------+------------+-----------+-------+


6. CLOCK
--------

+------------+------+-------+------------+-----------+-------+
|  Site Type | Used | Fixed | Prohibited | Available | Util% |
+------------+------+-------+------------+-----------+-------+
| BUFGCE     |    2 |     0 |          0 |       112 |  1.79 |
| BUFGCE_DIV |    0 |     0 |          0 |        16 |  0.00 |
| BUFG_GT    |    0 |     0 |          0 |        96 |  0.00 |
| BUFG_PS    |    1 |     0 |          0 |        96 |  1.04 |
| BUFGCTRL*  |    0 |     0 |          0 |        32 |  0.00 |
| PLL        |    0 |     0 |          0 |         8 |  0.00 |
| MMCM       |    0 |     0 |          0 |         4 |  0.00 |
+------------+------+-------+------------+-----------+-------+
* Note: Each used BUFGCTRL counts as two GLOBAL CLOCK BUFFERs. This table does not include global clocking resources, only buffer cell usage. See the Clock Utilization Report (report_clock_utilization) for detailed accounting of global clocking resource availability.


7. ADVANCED
-----------

+-----------------+------+-------+------------+-----------+--------+
|    Site Type    | Used | Fixed | Prohibited | Available |  Util% |
+-----------------+------+-------+------------+-----------+--------+
| GTHE4_CHANNEL   |    0 |     0 |          0 |         4 |   0.00 |
| GTHE4_COMMON    |    0 |     0 |          0 |         1 |   0.00 |
| OBUFDS_GTE4     |    0 |     0 |          0 |         2 |   0.00 |
| OBUFDS_GTE4_ADV |    0 |     0 |          0 |         2 |   0.00 |
| PCIE40E4        |    0 |     0 |          0 |         2 |   0.00 |
| PS8             |    1 |     0 |          0 |         1 | 100.00 |
| SYSMONE4        |    0 |     0 |          0 |         1 |   0.00 |
| VCU             |    0 |     0 |          0 |         1 |   0.00 |
+-----------------+------+-------+------------+-----------+--------+


8. CONFIGURATION
----------------

+-------------+------+-------+------------+-----------+-------+
|  Site Type  | Used | Fixed | Prohibited | Available | Util% |
+-------------+------+-------+------------+-----------+-------+
| BSCANE2     |    1 |     0 |          0 |         4 | 25.00 |
| DNA_PORTE2  |    0 |     0 |          0 |         1 |  0.00 |
| EFUSE_USR   |    0 |     0 |          0 |         1 |  0.00 |
| FRAME_ECCE4 |    0 |     0 |          0 |         1 |  0.00 |
| ICAPE3      |    0 |     0 |          0 |         2 |  0.00 |
| MASTER_JTAG |    0 |     0 |          0 |         1 |  0.00 |
| STARTUPE3   |    0 |     0 |          0 |         1 |  0.00 |
+-------------+------+-------+------------+-----------+-------+


9. Primitives
-------------

+----------+------+---------------------+
| Ref Name | Used | Functional Category |
+----------+------+---------------------+
| FDRE     | 7382 |            Register |
| LUT3     | 1955 |                 CLB |
| LUT6     | 1362 |                 CLB |
| LUT2     |  969 |                 CLB |
| LUT5     |  948 |                 CLB |
| LUT4     |  568 |                 CLB |
| MUXF7    |  339 |                 CLB |
| FDCE     |  184 |            Register |
| CARRY8   |  132 |                 CLB |
| MUXF8    |  128 |                 CLB |
| LUT1     |   93 |                 CLB |
| FDSE     |   79 |            Register |
| URAM288  |   47 |            BLOCKRAM |
| FDPE     |   41 |            Register |
| RAMD32   |   36 |                 CLB |
| RAMS32   |    4 |                 CLB |
| RAMB36E2 |    2 |            BLOCKRAM |
| DSP48E2  |    2 |          Arithmetic |
| BUFGCE   |    2 |               Clock |
| PS8      |    1 |            Advanced |
| BUFG_PS  |    1 |               Clock |
| BSCANE2  |    1 |       Configuration |
+----------+------+---------------------+


10. Black Boxes
---------------

+----------+------+
| Ref Name | Used |
+----------+------+


11. Instantiated Netlists
-------------------------

+-------------------------------------------------------+------+
|                        Ref Name                       | Used |
+-------------------------------------------------------+------+
| loihi_twin_v2_p05_impl_zynq_ultra_ps_e_0_0            |    1 |
| loihi_twin_v2_p05_impl_vio_p05_0                      |    1 |
| loihi_twin_v2_p05_impl_p05_virtualized_controller_0_0 |    1 |
| loihi_twin_v2_p05_impl_p05_reset_conditioner_0_0      |    1 |
| loihi_twin_v2_p05_impl_p05_heartbeat_0_0              |    1 |
| loihi_twin_v2_p05_impl_p05_context_memory_0_0         |    1 |
| loihi_twin_v2_p05_impl_loihi_core_v2_tick_0_0         |    1 |
| dbg_hub                                               |    1 |
+-------------------------------------------------------+------+



