RAMB36E2 loihi_twin_v2_p05_impl_i/loihi_core_v2_tick_0/inst/accumulator_U/ram_reg_bram_0
RAMB36E2 loihi_twin_v2_p05_impl_i/loihi_core_v2_tick_0/inst/accumulator_U/ram_reg_bram_1
URAM288 loihi_twin_v2_p05_impl_i/p05_context_memory_0/inst/axon_bank/memory/xpm_memory_base_inst/gen_wr_b.gen_word_narrow.mem_reg_uram_0
URAM288 loihi_twin_v2_p05_impl_i/p05_context_memory_0/inst/axon_bank/memory/xpm_memory_base_inst/gen_wr_b.gen_word_narrow.mem_reg_uram_1
URAM288 loihi_twin_v2_p05_impl_i/p05_context_memory_0/inst/axon_bank/memory/xpm_memory_base_inst/gen_wr_b.gen_word_narrow.mem_reg_uram_2
URAM288 loihi_twin_v2_p05_impl_i/p05_context_memory_0/inst/config_bank/memory/xpm_memory_base_inst/gen_wr_b.gen_word_narrow.mem_reg_uram_0
URAM288 loihi_twin_v2_p05_impl_i/p05_context_memory_0/inst/config_bank/memory/xpm_memory_base_inst/gen_wr_b.gen_word_narrow.mem_reg_uram_1
URAM288 loihi_twin_v2_p05_impl_i/p05_context_memory_0/inst/event0_bank/memory/xpm_memory_base_inst/gen_wr_b.gen_word_narrow.mem_reg_uram_0
URAM288 loihi_twin_v2_p05_impl_i/p05_context_memory_0/inst/event0_bank/memory/xpm_memory_base_inst/gen_wr_b.gen_word_narrow.mem_reg_uram_1
URAM288 loihi_twin_v2_p05_impl_i/p05_context_memory_0/inst/event0_bank/memory/xpm_memory_base_inst/gen_wr_b.gen_word_narrow.mem_reg_uram_2
URAM288 loihi_twin_v2_p05_impl_i/p05_context_memory_0/inst/event1_bank/memory/xpm_memory_base_inst/gen_wr_b.gen_word_narrow.mem_reg_uram_0
URAM288 loihi_twin_v2_p05_impl_i/p05_context_memory_0/inst/event1_bank/memory/xpm_memory_base_inst/gen_wr_b.gen_word_narrow.mem_reg_uram_1
URAM288 loihi_twin_v2_p05_impl_i/p05_context_memory_0/inst/event1_bank/memory/xpm_memory_base_inst/gen_wr_b.gen_word_narrow.mem_reg_uram_2
URAM288 loihi_twin_v2_p05_impl_i/p05_context_memory_0/inst/packet_bank/memory/xpm_memory_base_inst/gen_wr_b.gen_word_narrow.mem_reg_uram_0
URAM288 loihi_twin_v2_p05_impl_i/p05_context_memory_0/inst/packet_bank/memory/xpm_memory_base_inst/gen_wr_b.gen_word_narrow.mem_reg_uram_1
URAM288 loihi_twin_v2_p05_impl_i/p05_context_memory_0/inst/packet_bank/memory/xpm_memory_base_inst/gen_wr_b.gen_word_narrow.mem_reg_uram_2
URAM288 loihi_twin_v2_p05_impl_i/p05_context_memory_0/inst/route_bank/memory/xpm_memory_base_inst/gen_wr_b.gen_word_narrow.mem_reg_uram_0
URAM288 loihi_twin_v2_p05_impl_i/p05_context_memory_0/inst/route_bank/memory/xpm_memory_base_inst/gen_wr_b.gen_word_narrow.mem_reg_uram_1
URAM288 loihi_twin_v2_p05_impl_i/p05_context_memory_0/inst/route_bank/memory/xpm_memory_base_inst/gen_wr_b.gen_word_narrow.mem_reg_uram_2
URAM288 loihi_twin_v2_p05_impl_i/p05_context_memory_0/inst/route_desc_bank/memory/xpm_memory_base_inst/gen_wr_b.gen_word_narrow.mem_reg_uram_0
URAM288 loihi_twin_v2_p05_impl_i/p05_context_memory_0/inst/state_bank/memory/xpm_memory_base_inst/gen_wr_b.gen_word_narrow.mem_reg_uram_0
URAM288 loihi_twin_v2_p05_impl_i/p05_context_memory_0/inst/synapse_bank/memory/xpm_memory_base_inst/gen_wr_b.gen_word_narrow.mem_reg_uram_0
URAM288 loihi_twin_v2_p05_impl_i/p05_context_memory_0/inst/synapse_bank/memory/xpm_memory_base_inst/gen_wr_b.gen_word_narrow.mem_reg_uram_1
URAM288 loihi_twin_v2_p05_impl_i/p05_context_memory_0/inst/synapse_bank/memory/xpm_memory_base_inst/gen_wr_b.gen_word_narrow.mem_reg_uram_10
URAM288 loihi_twin_v2_p05_impl_i/p05_context_memory_0/inst/synapse_bank/memory/xpm_memory_base_inst/gen_wr_b.gen_word_narrow.mem_reg_uram_11
URAM288 loihi_twin_v2_p05_impl_i/p05_context_memory_0/inst/synapse_bank/memory/xpm_memory_base_inst/gen_wr_b.gen_word_narrow.mem_reg_uram_12
URAM288 loihi_twin_v2_p05_impl_i/p05_context_memory_0/inst/synapse_bank/memory/xpm_memory_base_inst/gen_wr_b.gen_word_narrow.mem_reg_uram_13
URAM288 loihi_twin_v2_p05_impl_i/p05_context_memory_0/inst/synapse_bank/memory/xpm_memory_base_inst/gen_wr_b.gen_word_narrow.mem_reg_uram_14
URAM288 loihi_twin_v2_p05_impl_i/p05_context_memory_0/inst/synapse_bank/memory/xpm_memory_base_inst/gen_wr_b.gen_word_narrow.mem_reg_uram_15
URAM288 loihi_twin_v2_p05_impl_i/p05_context_memory_0/inst/synapse_bank/memory/xpm_memory_base_inst/gen_wr_b.gen_word_narrow.mem_reg_uram_16
URAM288 loihi_twin_v2_p05_impl_i/p05_context_memory_0/inst/synapse_bank/memory/xpm_memory_base_inst/gen_wr_b.gen_word_narrow.mem_reg_uram_17
URAM288 loihi_twin_v2_p05_impl_i/p05_context_memory_0/inst/synapse_bank/memory/xpm_memory_base_inst/gen_wr_b.gen_word_narrow.mem_reg_uram_18
URAM288 loihi_twin_v2_p05_impl_i/p05_context_memory_0/inst/synapse_bank/memory/xpm_memory_base_inst/gen_wr_b.gen_word_narrow.mem_reg_uram_19
URAM288 loihi_twin_v2_p05_impl_i/p05_context_memory_0/inst/synapse_bank/memory/xpm_memory_base_inst/gen_wr_b.gen_word_narrow.mem_reg_uram_2
URAM288 loihi_twin_v2_p05_impl_i/p05_context_memory_0/inst/synapse_bank/memory/xpm_memory_base_inst/gen_wr_b.gen_word_narrow.mem_reg_uram_20
URAM288 loihi_twin_v2_p05_impl_i/p05_context_memory_0/inst/synapse_bank/memory/xpm_memory_base_inst/gen_wr_b.gen_word_narrow.mem_reg_uram_21
URAM288 loihi_twin_v2_p05_impl_i/p05_context_memory_0/inst/synapse_bank/memory/xpm_memory_base_inst/gen_wr_b.gen_word_narrow.mem_reg_uram_22
URAM288 loihi_twin_v2_p05_impl_i/p05_context_memory_0/inst/synapse_bank/memory/xpm_memory_base_inst/gen_wr_b.gen_word_narrow.mem_reg_uram_23
URAM288 loihi_twin_v2_p05_impl_i/p05_context_memory_0/inst/synapse_bank/memory/xpm_memory_base_inst/gen_wr_b.gen_word_narrow.mem_reg_uram_3
URAM288 loihi_twin_v2_p05_impl_i/p05_context_memory_0/inst/synapse_bank/memory/xpm_memory_base_inst/gen_wr_b.gen_word_narrow.mem_reg_uram_4
URAM288 loihi_twin_v2_p05_impl_i/p05_context_memory_0/inst/synapse_bank/memory/xpm_memory_base_inst/gen_wr_b.gen_word_narrow.mem_reg_uram_5
URAM288 loihi_twin_v2_p05_impl_i/p05_context_memory_0/inst/synapse_bank/memory/xpm_memory_base_inst/gen_wr_b.gen_word_narrow.mem_reg_uram_6
URAM288 loihi_twin_v2_p05_impl_i/p05_context_memory_0/inst/synapse_bank/memory/xpm_memory_base_inst/gen_wr_b.gen_word_narrow.mem_reg_uram_7
URAM288 loihi_twin_v2_p05_impl_i/p05_context_memory_0/inst/synapse_bank/memory/xpm_memory_base_inst/gen_wr_b.gen_word_narrow.mem_reg_uram_8
URAM288 loihi_twin_v2_p05_impl_i/p05_context_memory_0/inst/synapse_bank/memory/xpm_memory_base_inst/gen_wr_b.gen_word_narrow.mem_reg_uram_9
URAM288 loihi_twin_v2_p05_impl_i/p05_context_memory_0/inst/trace_bank/memory/xpm_memory_base_inst/gen_wr_b.gen_word_narrow.mem_reg_uram_0
URAM288 loihi_twin_v2_p05_impl_i/p05_context_memory_0/inst/trace_bank/memory/xpm_memory_base_inst/gen_wr_b.gen_word_narrow.mem_reg_uram_1
URAM288 loihi_twin_v2_p05_impl_i/p05_context_memory_0/inst/trace_bank/memory/xpm_memory_base_inst/gen_wr_b.gen_word_narrow.mem_reg_uram_2
URAM288 loihi_twin_v2_p05_impl_i/p05_context_memory_0/inst/trace_bank/memory/xpm_memory_base_inst/gen_wr_b.gen_word_narrow.mem_reg_uram_3
