Copyright 1986-2022 Xilinx, Inc. All Rights Reserved. Copyright 2022-2025 Advanced Micro Devices, Inc. All Rights Reserved.
-----------------------------------------------------------------------------------------------------------------------------------------------------------------------------------------------
| Tool Version : Vivado v.2025.2 (lin64) Build 6299465 Fri Nov 14 12:34:56 MST 2025
| Date         : Tue Sep 29 17:09:06 2026
| Host         : PC running 64-bit Ubuntu 24.04.5 LTS
| Command      : report_utilization -hierarchical -hierarchical_depth 8 -file /home/dna/Git/Thesis/Loihi_Digital_Twin/v2/vivado/build/p05_impl/reports/utilization_hierarchical_post_route.rpt
| Design       : loihi_twin_v2_p05_impl_wrapper
| Device       : xck26-sfvc784-2LV-c
| Speed File   : -2LV
| Design State : Routed
-----------------------------------------------------------------------------------------------------------------------------------------------------------------------------------------------

Utilization Design Information

Table of Contents
-----------------
1. Utilization by Hierarchy

1. Utilization by Hierarchy
---------------------------

+----------------------------------------------------------------------+----------------------------------------------------------------------------------------------------------------+------------+------------+---------+------+------+--------+--------+------+------------+
|                               Instance                               |                                                     Module                                                     | Total LUTs | Logic LUTs | LUTRAMs | SRLs |  FFs | RAMB36 | RAMB18 | URAM | DSP Blocks |
+----------------------------------------------------------------------+----------------------------------------------------------------------------------------------------------------+------------+------------+---------+------+------+--------+--------+------+------------+
| loihi_twin_v2_p05_impl_wrapper                                       |                                                                                                          (top) |       5062 |       5042 |      20 |    0 | 7686 |      2 |      0 |   47 |          2 |
|   dbg_hub                                                            |                                                                                                        dbg_hub |        427 |        407 |      20 |    0 |  741 |      0 |      0 |    0 |          0 |
|     inst                                                             |                                                                                     dbg_hub_xsdbm_v3_0_5_xsdbm |        427 |        407 |      20 |    0 |  741 |      0 |      0 |    0 |          0 |
|       BSCANID.u_xsdbm_id                                             |                                                                                  dbg_hub_xsdbm_v3_0_5_xsdbm_id |        427 |        407 |      20 |    0 |  741 |      0 |      0 |    0 |          0 |
|         SWITCH_N_EXT_BSCAN.bscan_switch                              |                                                                              dbg_hub_xsdbm_v3_0_5_bscan_switch |        121 |        121 |       0 |    0 |  125 |      0 |      0 |    0 |          0 |
|         CORE_XSDB.UUT_MASTER                                         |                                                                                 dbg_hub_xsdbm_v3_0_5_icon2xsdb |        258 |        238 |      20 |    0 |  554 |      0 |      0 |    0 |          0 |
|           U_ICON_INTERFACE                                           |                                                                                        dbg_hub_xsdbm_v3_0_5_if |        155 |        135 |      20 |    0 |  450 |      0 |      0 |    0 |          0 |
|             U_CMD6_WR                                                |                                                                                     dbg_hub_xsdbm_v3_0_5_wrreg |         40 |         30 |      10 |    0 |  110 |      0 |      0 |    0 |          0 |
|               U_WR_FIFO                                              |                                                                                    dbg_hub_xsdbm_v3_0_5_wrfifo |         38 |         28 |      10 |    0 |   90 |      0 |      0 |    0 |          0 |
|                 SUBCORE_FIFO.xsdbm_v3_0_5_wrfifo_inst                |                                                                                 dbg_hub_fifo_generator_v13_1_5 |         37 |         27 |      10 |    0 |   90 |      0 |      0 |    0 |          0 |
|             U_CMD4                                                   |                                                                   dbg_hub_xsdbm_v3_0_5_ctl_reg__parameterized0 |         11 |         11 |       0 |    0 |   62 |      0 |      0 |    0 |          0 |
|             U_CMD6_RD                                                |                                                                                     dbg_hub_xsdbm_v3_0_5_rdreg |         64 |         54 |      10 |    0 |  134 |      0 |      0 |    0 |          0 |
|               U_RD_FIFO                                              |                                                                                    dbg_hub_xsdbm_v3_0_5_rdfifo |         62 |         52 |      10 |    0 |  114 |      0 |      0 |    0 |          0 |
|                 SUBCORE_FIFO.xsdbm_v3_0_5_rdfifo_inst                |                                                                 dbg_hub_fifo_generator_v13_1_5__parameterized0 |         44 |         34 |      10 |    0 |  114 |      0 |      0 |    0 |          0 |
|           U_XSDB_BUS_CONTROLLER                                      |                                                                                   dbg_hub_xsdbm_v3_0_5_bus_ctl |         66 |         66 |       0 |    0 |   48 |      0 |      0 |    0 |          0 |
|   loihi_twin_v2_p05_impl_i                                           |                                                                                         loihi_twin_v2_p05_impl |       4635 |       4635 |       0 |    0 | 6945 |      2 |      0 |   47 |          2 |
|     vio_p05                                                          |                                                                               loihi_twin_v2_p05_impl_vio_p05_0 |       2185 |       2185 |       0 |    0 | 4637 |      0 |      0 |    0 |          0 |
|       inst                                                           |                                                               loihi_twin_v2_p05_impl_vio_p05_0_vio_v3_0_27_vio |       2185 |       2185 |       0 |    0 | 4637 |      0 |      0 |    0 |          0 |
|         U_XSDB_SLAVE                                                 |                                                            loihi_twin_v2_p05_impl_vio_p05_0_xsdbs_v1_0_5_xsdbs |         77 |         77 |       0 |    0 |  161 |      0 |      0 |    0 |          0 |
|         DECODER_INST                                                 |                                                           loihi_twin_v2_p05_impl_vio_p05_0_vio_v3_0_27_decoder |         48 |         48 |       0 |    0 |   51 |      0 |      0 |    0 |          0 |
|         PROBE_IN_INST                                                |                                                      loihi_twin_v2_p05_impl_vio_p05_0_vio_v3_0_27_probe_in_one |       1831 |       1831 |       0 |    0 | 3280 |      0 |      0 |    0 |          0 |
|         PROBE_OUT_ALL_INST                                           |                                                     loihi_twin_v2_p05_impl_vio_p05_0_vio_v3_0_27_probe_out_all |        216 |        216 |       0 |    0 | 1104 |      0 |      0 |    0 |          0 |
|           (PROBE_OUT_ALL_INST)                                       |                                                     loihi_twin_v2_p05_impl_vio_p05_0_vio_v3_0_27_probe_out_all |         55 |         55 |       0 |    0 |   31 |      0 |      0 |    0 |          0 |
|           G_PROBE_OUT[11].PROBE_OUT0_INST                            |                                     loihi_twin_v2_p05_impl_vio_p05_0_vio_v3_0_27_probe_out_one__parameterized5 |         72 |         72 |       0 |    0 |  533 |      0 |      0 |    0 |          0 |
|           G_PROBE_OUT[4].PROBE_OUT0_INST                             |                                     loihi_twin_v2_p05_impl_vio_p05_0_vio_v3_0_27_probe_out_one__parameterized0 |         14 |         14 |       0 |    0 |   82 |      0 |      0 |    0 |          0 |
|           G_PROBE_OUT[5].PROBE_OUT0_INST                             |                                     loihi_twin_v2_p05_impl_vio_p05_0_vio_v3_0_27_probe_out_one__parameterized1 |         71 |         71 |       0 |    0 |  404 |      0 |      0 |    0 |          0 |
|     loihi_core_v2_tick_0                                             |                                                                  loihi_twin_v2_p05_impl_loihi_core_v2_tick_0_0 |       1184 |       1184 |       0 |    0 | 1175 |      2 |      0 |    0 |          2 |
|       inst                                                           |                                               loihi_twin_v2_p05_impl_loihi_core_v2_tick_0_0_loihi_core_v2_tick |       1184 |       1184 |       0 |    0 | 1175 |      2 |      0 |    0 |          2 |
|         (inst)                                                       |                                               loihi_twin_v2_p05_impl_loihi_core_v2_tick_0_0_loihi_core_v2_tick |        282 |        282 |       0 |    0 | 1004 |      0 |      0 |    0 |          0 |
|         accumulator_U                                                |                     loihi_twin_v2_p05_impl_loihi_core_v2_tick_0_0_loihi_core_v2_tick_accumulator_RAM_AUTO_1R1W |        166 |        166 |       0 |    0 |    0 |      2 |      0 |    0 |          0 |
|         grp_loihi_core_v2_tick_Pipeline_traverse_routes_fu_587       |   loihi_twin_v2_p05_impl_loihi_core_v2_tick_0_0_loihi_core_v2_tick_loihi_core_v2_tick_Pipeline_traverse_routes |        151 |        151 |       0 |    0 |   89 |      0 |      0 |    0 |          0 |
|           (grp_loihi_core_v2_tick_Pipeline_traverse_routes_fu_587)   |   loihi_twin_v2_p05_impl_loihi_core_v2_tick_0_0_loihi_core_v2_tick_loihi_core_v2_tick_Pipeline_traverse_routes |         30 |         30 |       0 |    0 |   87 |      0 |      0 |    0 |          0 |
|           flow_control_loop_pipe_sequential_init_U                   |      loihi_twin_v2_p05_impl_loihi_core_v2_tick_0_0_loihi_core_v2_tick_flow_control_loop_pipe_sequential_init_1 |        122 |        122 |       0 |    0 |    2 |      0 |      0 |    0 |          0 |
|         grp_loihi_core_v2_tick_Pipeline_traverse_synapses_fu_574     | loihi_twin_v2_p05_impl_loihi_core_v2_tick_0_0_loihi_core_v2_tick_loihi_core_v2_tick_Pipeline_traverse_synapses |        320 |        320 |       0 |    0 |   69 |      0 |      0 |    0 |          0 |
|           (grp_loihi_core_v2_tick_Pipeline_traverse_synapses_fu_574) | loihi_twin_v2_p05_impl_loihi_core_v2_tick_0_0_loihi_core_v2_tick_loihi_core_v2_tick_Pipeline_traverse_synapses |        116 |        116 |       0 |    0 |   67 |      0 |      0 |    0 |          0 |
|           flow_control_loop_pipe_sequential_init_U                   |        loihi_twin_v2_p05_impl_loihi_core_v2_tick_0_0_loihi_core_v2_tick_flow_control_loop_pipe_sequential_init |        204 |        204 |       0 |    0 |    2 |      0 |      0 |    0 |          0 |
|         mul_24s_13ns_37_1_1_U23                                      |                           loihi_twin_v2_p05_impl_loihi_core_v2_tick_0_0_loihi_core_v2_tick_mul_24s_13ns_37_1_1 |        120 |        120 |       0 |    0 |    0 |      0 |      0 |    0 |          1 |
|         mul_24s_13ns_37_1_1_U24                                      |                         loihi_twin_v2_p05_impl_loihi_core_v2_tick_0_0_loihi_core_v2_tick_mul_24s_13ns_37_1_1_0 |        120 |        120 |       0 |    0 |    0 |      0 |      0 |    0 |          1 |
|     p05_context_memory_0                                             |                                                                  loihi_twin_v2_p05_impl_p05_context_memory_0_0 |        915 |        915 |       0 |    0 |  563 |      0 |      0 |   47 |          0 |
|       inst                                                           |                                        loihi_twin_v2_p05_impl_p05_context_memory_0_0_p05_context_memory_fabric |        915 |        915 |       0 |    0 |  563 |      0 |      0 |   47 |          0 |
|         (inst)                                                       |                                        loihi_twin_v2_p05_impl_p05_context_memory_0_0_p05_context_memory_fabric |         18 |         18 |       0 |    0 |  541 |      0 |      0 |    0 |          0 |
|         (config_bank)                                                |                                             loihi_twin_v2_p05_impl_p05_context_memory_0_0_p05_context_tdp_bank |        130 |        130 |       0 |    0 |    2 |      0 |      0 |    0 |          0 |
|         (event0_bank)                                                |                             loihi_twin_v2_p05_impl_p05_context_memory_0_0_p05_context_tdp_bank__parameterized4 |         52 |         52 |       0 |    0 |    2 |      0 |      0 |    0 |          0 |
|         (event1_bank)                                                |                           loihi_twin_v2_p05_impl_p05_context_memory_0_0_p05_context_tdp_bank__parameterized4_0 |         84 |         84 |       0 |    0 |    2 |      0 |      0 |    0 |          0 |
|         (packet_bank)                                                |                           loihi_twin_v2_p05_impl_p05_context_memory_0_0_p05_context_tdp_bank__parameterized1_1 |         93 |         93 |       0 |    0 |    1 |      0 |      0 |    0 |          0 |
|         (route_bank)                                                 |                           loihi_twin_v2_p05_impl_p05_context_memory_0_0_p05_context_tdp_bank__parameterized4_2 |         52 |         52 |       0 |    0 |    2 |      0 |      0 |    0 |          0 |
|         (state_bank)                                                 |                             loihi_twin_v2_p05_impl_p05_context_memory_0_0_p05_context_tdp_bank__parameterized0 |         99 |         99 |       0 |    0 |    2 |      0 |      0 |    0 |          0 |
|         (trace_bank)                                                 |                             loihi_twin_v2_p05_impl_p05_context_memory_0_0_p05_context_tdp_bank__parameterized5 |        132 |        132 |       0 |    0 |    1 |      0 |      0 |    0 |          0 |
|         synapse_bank                                                 |                             loihi_twin_v2_p05_impl_p05_context_memory_0_0_p05_context_tdp_bank__parameterized2 |        251 |        251 |       0 |    0 |    6 |      0 |      0 |   24 |          0 |
|           (synapse_bank)                                             |                             loihi_twin_v2_p05_impl_p05_context_memory_0_0_p05_context_tdp_bank__parameterized2 |        129 |        129 |       0 |    0 |    2 |      0 |      0 |    0 |          0 |
|           memory                                                     |                                loihi_twin_v2_p05_impl_p05_context_memory_0_0_xpm_memory_tdpram__parameterized2 |        122 |        122 |       0 |    0 |    4 |      0 |      0 |   24 |          0 |
|             xpm_memory_base_inst                                     |                                  loihi_twin_v2_p05_impl_p05_context_memory_0_0_xpm_memory_base__parameterized2 |        122 |        122 |       0 |    0 |    4 |      0 |      0 |   24 |          0 |
|     p05_virtualized_controller_0                                     |                                                          loihi_twin_v2_p05_impl_p05_virtualized_controller_0_0 |        346 |        346 |       0 |    0 |  522 |      0 |      0 |    0 |          0 |
|       inst                                                           |                               loihi_twin_v2_p05_impl_p05_virtualized_controller_0_0_p05_virtualized_controller |        346 |        346 |       0 |    0 |  522 |      0 |      0 |    0 |          0 |
|         (inst)                                                       |                               loihi_twin_v2_p05_impl_p05_virtualized_controller_0_0_p05_virtualized_controller |        270 |        270 |       0 |    0 |  440 |      0 |      0 |    0 |          0 |
|         packet_streamer                                              |                               loihi_twin_v2_p05_impl_p05_virtualized_controller_0_0_p04_packet_memory_streamer |         76 |         76 |       0 |    0 |   82 |      0 |      0 |    0 |          0 |
+----------------------------------------------------------------------+----------------------------------------------------------------------------------------------------------------+------------+------------+---------+------+------+--------+--------+------+------------+
* Note: The sum of lower-level cells may be larger than their parent cells total, due to cross-hierarchy LUT combining


